// Jest Snapshot v1, https://goo.gl/fbAQLP

exports[`metaflow service default snapshot 1`] = `
Array [
  Object {
    "apiVersion": "v1",
    "automountServiceAccountToken": true,
    "kind": "ServiceAccount",
    "metadata": Object {
      "labels": Object {
        "app.kubernetes.io/instance": "release-name",
        "app.kubernetes.io/managed-by": "Helm",
        "app.kubernetes.io/name": "metaflow-service",
        "app.kubernetes.io/version": "2.2.4",
        "helm.sh/chart": "metaflow-service-0.2.0",
      },
      "name": "release-name-metaflow-service",
    },
  },
  Object {
    "apiVersion": "apps/v1",
    "kind": "Deployment",
    "metadata": Object {
      "labels": Object {
        "app.kubernetes.io/instance": "release-name",
        "app.kubernetes.io/managed-by": "Helm",
        "app.kubernetes.io/name": "metaflow-service",
        "app.kubernetes.io/version": "2.2.4",
        "helm.sh/chart": "metaflow-service-0.2.0",
      },
      "name": "release-name-metaflow-service",
    },
    "spec": Object {
      "minReadySeconds": 0,
      "progressDeadlineSeconds": 600,
      "replicas": 1,
      "selector": Object {
        "matchLabels": Object {
          "cdk8s.io/metadata.addr": "construct-metaflow-deployment-c89bf212",
        },
      },
      "strategy": Object {
        "rollingUpdate": Object {
          "maxSurge": "25%",
          "maxUnavailable": "25%",
        },
        "type": "RollingUpdate",
      },
      "template": Object {
        "metadata": Object {
          "labels": Object {
            "cdk8s.io/metadata.addr": "construct-metaflow-deployment-c89bf212",
          },
        },
        "spec": Object {
          "automountServiceAccountToken": true,
          "containers": Array [
            Object {
              "command": Array [
                "/opt/latest/bin/python3",
                "-m",
                "services.metadata_service.server",
              ],
              "env": Array [
                Object {
                  "name": "MF_METADATA_DB_NAME",
                  "value": "metaflow",
                },
                Object {
                  "name": "MF_METADATA_DB_USER",
                  "value": "metaflow",
                },
                Object {
                  "name": "MF_METADATA_DB_PSWD",
                  "value": "metaflow",
                },
                Object {
                  "name": "MF_METADATA_DB_PORT",
                  "value": "5432",
                },
                Object {
                  "name": "MF_METADATA_DB_HOST",
                  "value": "release-name-postgresql",
                },
              ],
              "image": "public.ecr.aws/outerbounds/metaflow_metadata_service:2.2.4",
              "imagePullPolicy": "IfNotPresent",
              "livenessProbe": Object {
                "failureThreshold": 3,
                "httpGet": Object {
                  "path": "/ping",
                  "port": 8080,
                },
              },
              "name": "metaflow-service",
              "ports": Array [
                Object {
                  "containerPort": 8080,
                },
              ],
              "readinessProbe": Object {
                "failureThreshold": 3,
                "httpGet": Object {
                  "path": "/ping",
                  "port": 8080,
                },
              },
              "securityContext": Object {
                "privileged": false,
                "readOnlyRootFilesystem": false,
                "runAsNonRoot": false,
              },
            },
          ],
          "dnsPolicy": "ClusterFirst",
          "initContainers": Array [
            Object {
              "command": Array [
                "/opt/latest/bin/python3",
                "/root/run_goose.py",
                "--only-if-empty-db",
              ],
              "env": Array [
                Object {
                  "name": "MF_METADATA_DB_NAME",
                  "value": "metaflow",
                },
                Object {
                  "name": "MF_METADATA_DB_USER",
                  "value": "metaflow",
                },
                Object {
                  "name": "MF_METADATA_DB_PSWD",
                  "value": "metaflow",
                },
                Object {
                  "name": "MF_METADATA_DB_PORT",
                  "value": "5432",
                },
                Object {
                  "name": "MF_METADATA_DB_HOST",
                  "value": "release-name-postgresql",
                },
              ],
              "image": "public.ecr.aws/outerbounds/metaflow_metadata_service:2.2.4",
              "imagePullPolicy": "Always",
              "name": "db-migrations",
              "securityContext": Object {
                "privileged": false,
                "readOnlyRootFilesystem": false,
                "runAsNonRoot": false,
              },
            },
          ],
          "securityContext": Object {
            "fsGroupChangePolicy": "Always",
            "runAsNonRoot": false,
          },
          "serviceAccountName": "release-name-metaflow-service",
          "setHostnameAsFQDN": false,
        },
      },
    },
  },
  Object {
    "apiVersion": "v1",
    "kind": "Service",
    "metadata": Object {
      "labels": Object {
        "app.kubernetes.io/instance": "release-name",
        "app.kubernetes.io/managed-by": "Helm",
        "app.kubernetes.io/name": "metaflow-service",
        "app.kubernetes.io/version": "2.2.4",
        "helm.sh/chart": "metaflow-service-0.2.0",
      },
      "name": "release-name-metaflow-service",
    },
    "spec": Object {
      "externalIPs": Array [],
      "ports": Array [
        Object {
          "name": "metadata",
          "port": 8080,
          "protocol": "TCP",
          "targetPort": 8080,
        },
        Object {
          "name": "upgrades",
          "port": 8082,
          "protocol": "TCP",
          "targetPort": 8082,
        },
      ],
      "selector": Object {},
      "type": "ClusterIP",
    },
  },
  Object {
    "apiVersion": "v1",
    "kind": "Pod",
    "metadata": Object {
      "annotations": Object {
        "helm.sh/hook": "test",
      },
      "labels": Object {
        "app.kubernetes.io/instance": "release-name",
        "app.kubernetes.io/managed-by": "Helm",
        "app.kubernetes.io/name": "metaflow-service",
        "app.kubernetes.io/version": "2.2.4",
        "cdk8s.io/metadata.addr": "construct-metaflow-service-pod-c8290cca",
        "helm.sh/chart": "metaflow-service-0.2.0",
      },
      "name": "release-name-metaflow-service-test-connection",
    },
    "spec": Object {
      "automountServiceAccountToken": true,
      "containers": Array [
        Object {
          "args": Array [
            "release-name-metaflow-service:8080",
          ],
          "command": Array [
            "wget",
          ],
          "image": "busybox",
          "imagePullPolicy": "Always",
          "name": "wget",
          "securityContext": Object {
            "privileged": false,
            "readOnlyRootFilesystem": false,
            "runAsNonRoot": false,
          },
        },
      ],
      "dnsPolicy": "ClusterFirst",
      "restartPolicy": "OnFailure",
      "securityContext": Object {
        "fsGroupChangePolicy": "Always",
        "runAsNonRoot": false,
      },
      "setHostnameAsFQDN": false,
    },
  },
]
`;
