// Jest Snapshot v1, https://goo.gl/fbAQLP

exports[`metaflow ui default snapshot 1`] = `
Array [
  Object {
    "apiVersion": "v1",
    "kind": "ServiceAccount",
    "metadata": Object {
      "labels": Object {
        "app.kubernetes.io/instance": "release-name-metaflow-ui",
        "app.kubernetes.io/managed-by": "Helm",
        "app.kubernetes.io/name": "metaflow-ui",
        "app.kubernetes.io/version": "2.1.0",
        "helm.sh/chart": "metaflow-ui-0.1.2",
      },
      "name": "release-name-metaflow-ui",
    },
  },
  Object {
    "apiVersion": "v1",
    "kind": "Service",
    "metadata": Object {
      "labels": Object {
        "app.kubernetes.io/instance": "release-name-metaflow-ui",
        "app.kubernetes.io/managed-by": "Helm",
        "app.kubernetes.io/name": "metaflow-ui",
        "app.kubernetes.io/version": "2.1.0",
        "helm.sh/chart": "metaflow-ui-0.1.2",
      },
      "name": "release-name-metaflow-ui",
    },
    "spec": Object {
      "ports": Array [
        Object {
          "name": "http",
          "port": 8083,
          "protocol": "TCP",
          "targetPort": "http",
        },
      ],
      "selector": Object {
        "app.kubernetes.io/instance": "release-name-metaflow-ui",
        "app.kubernetes.io/name": "metaflow-ui",
      },
      "type": "ClusterIP",
    },
  },
  Object {
    "apiVersion": "v1",
    "kind": "Service",
    "metadata": Object {
      "labels": Object {
        "app.kubernetes.io/instance": "release-name-metaflow-ui",
        "app.kubernetes.io/managed-by": "Helm",
        "app.kubernetes.io/name": "metaflow-ui-static",
        "app.kubernetes.io/version": "2.1.0",
        "helm.sh/chart": "metaflow-ui-0.1.2",
      },
      "name": "release-name-metaflow-ui-static",
    },
    "spec": Object {
      "ports": Array [
        Object {
          "name": "http",
          "port": 3000,
          "protocol": "TCP",
          "targetPort": "http",
        },
      ],
      "selector": Object {
        "app.kubernetes.io/instance": "release-name-metaflow-ui",
        "app.kubernetes.io/name": "metaflow-ui-static",
      },
      "type": "ClusterIP",
    },
  },
  Object {
    "apiVersion": "apps/v1",
    "kind": "Deployment",
    "metadata": Object {
      "labels": Object {
        "app.kubernetes.io/instance": "release-name-metaflow-ui",
        "app.kubernetes.io/managed-by": "Helm",
        "app.kubernetes.io/name": "metaflow-ui",
        "app.kubernetes.io/version": "2.1.0",
        "helm.sh/chart": "metaflow-ui-0.1.2",
      },
      "name": "release-name-metaflow-ui",
    },
    "spec": Object {
      "replicas": 1,
      "selector": Object {
        "matchLabels": Object {
          "app.kubernetes.io/instance": "release-name-metaflow-ui",
          "app.kubernetes.io/name": "metaflow-ui",
        },
      },
      "template": Object {
        "metadata": Object {
          "labels": Object {
            "app.kubernetes.io/instance": "release-name-metaflow-ui",
            "app.kubernetes.io/name": "metaflow-ui",
          },
        },
        "spec": Object {
          "containers": Array [
            Object {
              "command": Array [
                "/opt/latest/bin/python3",
                "-m",
                "services.ui_backend_service.ui_server",
              ],
              "env": Array [
                Object {
                  "name": "UI_ENABLED",
                  "value": "1",
                },
                Object {
                  "name": "PATH_PREFIX",
                  "value": "/api",
                },
                Object {
                  "name": "MF_DATASTORE_ROOT",
                  "value": "",
                },
                Object {
                  "name": "METAFLOW_DATASTORE_SYSROOT_S3",
                  "value": "",
                },
                Object {
                  "name": "LOGLEVEL",
                  "value": "DEBUG",
                },
                Object {
                  "name": "METAFLOW_SERVICE_URL",
                  "value": "http://localhost:8083/api/metadata",
                },
                Object {
                  "name": "METAFLOW_DEFAULT_DATASTORE",
                  "value": "s3",
                },
                Object {
                  "name": "METAFLOW_DEFAULT_METADATA",
                  "value": "service",
                },
                Object {
                  "name": "MF_METADATA_DB_NAME",
                },
                Object {
                  "name": "MF_METADATA_DB_PORT",
                  "value": "5432",
                },
                Object {
                  "name": "MF_METADATA_DB_PSWD",
                  "value": "",
                },
                Object {
                  "name": "MF_METADATA_DB_USER",
                  "value": "",
                },
                Object {
                  "name": "MF_METADATA_DB_HOST",
                  "value": "release-name-metaflow-ui-postgresql",
                },
              ],
              "image": "netflixoss/metaflow_metadata_service:2.1.0",
              "imagePullPolicy": "IfNotPresent",
              "livenessProbe": Object {
                "httpGet": Object {
                  "path": "/api/ping",
                  "port": "http",
                },
              },
              "name": "metaflow-ui",
              "ports": Array [
                Object {
                  "containerPort": 8083,
                  "name": "http",
                  "protocol": "TCP",
                },
              ],
              "readinessProbe": Object {
                "httpGet": Object {
                  "path": "/api/ping",
                  "port": "http",
                },
              },
              "resources": Object {},
              "securityContext": Object {},
            },
          ],
          "securityContext": Object {},
          "serviceAccountName": "release-name-metaflow-ui",
        },
      },
    },
  },
  Object {
    "apiVersion": "apps/v1",
    "kind": "Deployment",
    "metadata": Object {
      "labels": Object {
        "app.kubernetes.io/instance": "release-name-metaflow-ui",
        "app.kubernetes.io/managed-by": "Helm",
        "app.kubernetes.io/name": "metaflow-ui-static",
        "app.kubernetes.io/version": "2.1.0",
        "helm.sh/chart": "metaflow-ui-0.1.2",
      },
      "name": "release-name-metaflow-ui-static",
    },
    "spec": Object {
      "replicas": 1,
      "selector": Object {
        "matchLabels": Object {
          "app.kubernetes.io/instance": "release-name-metaflow-ui",
          "app.kubernetes.io/name": "metaflow-ui-static",
        },
      },
      "template": Object {
        "metadata": Object {
          "labels": Object {
            "app.kubernetes.io/instance": "release-name-metaflow-ui",
            "app.kubernetes.io/name": "metaflow-ui-static",
          },
        },
        "spec": Object {
          "containers": Array [
            Object {
              "image": "public.ecr.aws/outerbounds/metaflow_ui:v1.0.1",
              "imagePullPolicy": "IfNotPresent",
              "livenessProbe": Object {
                "httpGet": Object {
                  "path": "/",
                  "port": "http",
                },
              },
              "name": "metaflow-ui-static",
              "ports": Array [
                Object {
                  "containerPort": 3000,
                  "name": "http",
                  "protocol": "TCP",
                },
              ],
              "readinessProbe": Object {
                "httpGet": Object {
                  "path": "/",
                  "port": "http",
                },
              },
              "resources": Object {},
              "securityContext": Object {},
            },
          ],
          "securityContext": Object {},
          "serviceAccountName": "release-name-metaflow-ui",
        },
      },
    },
  },
  Object {
    "apiVersion": "v1",
    "kind": "Pod",
    "metadata": Object {
      "annotations": Object {
        "helm.sh/hook": "test",
      },
      "labels": Object {
        "app.kubernetes.io/instance": "release-name-metaflow-ui",
        "app.kubernetes.io/managed-by": "Helm",
        "app.kubernetes.io/name": "metaflow-ui",
        "app.kubernetes.io/version": "2.1.0",
        "helm.sh/chart": "metaflow-ui-0.1.2",
      },
      "name": "release-name-metaflow-ui-test-connection",
    },
    "spec": Object {
      "containers": Array [
        Object {
          "args": Array [
            "release-name-metaflow-ui:8083",
          ],
          "command": Array [
            "wget",
          ],
          "image": "busybox",
          "name": "wget",
        },
      ],
      "restartPolicy": "Never",
    },
  },
]
`;
